// Vitest Snapshot v1, https://vitest.dev/guide/snapshot.html

exports[`Tool Registration > registers the expected set of tools (snapshot) > registered tool names 1`] = `
[
  "analyze_impact",
  "analyze_workspace_patterns",
  "apply_join_condition",
  "apply_sql_to_workspace_node",
  "audit_documentation_coverage",
  "build_pipeline_from_intent",
  "cache_environment_nodes",
  "cache_org_users",
  "cache_runs",
  "cache_workspace_nodes",
  "cancel_run",
  "clear_data_cache",
  "coa_bootstrap_workspaces",
  "coa_create",
  "coa_deploy",
  "coa_describe",
  "coa_doctor",
  "coa_dry_run_create",
  "coa_dry_run_run",
  "coa_list_project_nodes",
  "coa_plan",
  "coa_refresh",
  "coa_run",
  "coa_validate",
  "complete_node_configuration",
  "convert_join_to_aggregation",
  "create_environment",
  "create_git_account",
  "create_node_from_external_schema",
  "create_pipeline_from_plan",
  "create_pipeline_from_sql",
  "create_project",
  "create_workspace_job",
  "create_workspace_node_from_predecessor",
  "create_workspace_node_from_scratch",
  "create_workspace_subgraph",
  "delete_env_role",
  "delete_environment",
  "delete_git_account",
  "delete_project",
  "delete_project_role",
  "delete_workspace_job",
  "delete_workspace_node",
  "delete_workspace_subgraph",
  "diagnose_run_failure",
  "diagnose_setup",
  "generate_set_workspace_node_template",
  "generate_set_workspace_node_template_from_variant",
  "get_column_lineage",
  "get_downstream_nodes",
  "get_environment",
  "get_environment_health",
  "get_environment_job",
  "get_environment_node",
  "get_environment_overview",
  "get_git_account",
  "get_node_type_variant",
  "get_pipeline_workshop_status",
  "get_project",
  "get_repo_node_type_definition",
  "get_run",
  "get_run_details",
  "get_run_results",
  "get_upstream_nodes",
  "get_user_roles",
  "get_workspace",
  "get_workspace_node",
  "get_workspace_subgraph",
  "list_environment_jobs",
  "list_environment_nodes",
  "list_environments",
  "list_git_accounts",
  "list_job_nodes",
  "list_org_users",
  "list_projects",
  "list_repo_node_types",
  "list_repo_packages",
  "list_runs",
  "list_user_roles",
  "list_workspace_node_types",
  "list_workspace_nodes",
  "list_workspaces",
  "parse_disk_node_to_workspace_body",
  "parse_sql_structure",
  "personalize_skills",
  "pipeline_workshop_close",
  "pipeline_workshop_instruct",
  "pipeline_workshop_open",
  "plan_pipeline",
  "propagate_column_change",
  "replace_workspace_node_columns",
  "retry_run",
  "review_pipeline",
  "run_status",
  "search_node_type_variants",
  "search_workspace_content",
  "select_pipeline_node_type",
  "serialize_workspace_node_to_disk_yaml",
  "set_env_role",
  "set_org_role",
  "set_project_role",
  "set_workspace_node",
  "update_git_account",
  "update_project",
  "update_workspace_job",
  "update_workspace_node",
  "update_workspace_subgraph",
]
`;
